# compactc 0.34.0 --feature-zkir-v3 --skip-zk (runtime 0.19.0, ledger-9.1.0.0-rc.3); zkir-v3 3.0.0-rc.2 mock-compile -v
Mock compiling circuit "contracts/managed/emitter/zkir/emitPart.zkir" (k=17, rows=86450)
INFO zkir: full model model=Model { model: CircuitModel { k: 17, rows: 86450, table_rows: 106755, nb_unusable_rows: 7, max_deg: 5, advice_columns: 8, fixed_columns: 43, lookups: 6, permutations: 9, column_queries: 69, point_sets: 5, size: 5280 } }
Mock compiling circuit "tests/contracts/managed/registry-emitter/zkir/emitPart.zkir" (k=17, rows=86473)
INFO zkir: full model model=Model { model: CircuitModel { k: 17, rows: 86473, table_rows: 106755, nb_unusable_rows: 7, max_deg: 5, advice_columns: 8, fixed_columns: 43, lookups: 6, permutations: 9, column_queries: 69, point_sets: 5, size: 5280 } }
Mock compiling circuit "tests/contracts/managed/registry-emitter/zkir/register1.zkir" (k=14, rows=12038)
INFO zkir: full model model=Model { model: CircuitModel { k: 14, rows: 12038, table_rows: 7933, nb_unusable_rows: 7, max_deg: 5, advice_columns: 8, fixed_columns: 43, lookups: 6, permutations: 9, column_queries: 69, point_sets: 5, size: 5280 } }
Mock compiling circuit "tests/contracts/managed/registry-emitter/zkir/register2.zkir" (k=15, rows=20089)
INFO zkir: full model model=Model { model: CircuitModel { k: 15, rows: 20089, table_rows: 7933, nb_unusable_rows: 7, max_deg: 5, advice_columns: 8, fixed_columns: 43, lookups: 6, permutations: 9, column_queries: 69, point_sets: 5, size: 5280 } }
Mock compiling circuit "tests/contracts/managed/registry-emitter/zkir/register3.zkir" (k=15, rows=26292)
INFO zkir: full model model=Model { model: CircuitModel { k: 15, rows: 26292, table_rows: 7933, nb_unusable_rows: 7, max_deg: 5, advice_columns: 8, fixed_columns: 43, lookups: 6, permutations: 9, column_queries: 69, point_sets: 5, size: 5280 } }
Mock compiling circuit "tests/contracts/managed/registry-emitter/zkir/release.zkir" (k=13, rows=3979)
INFO zkir: full model model=Model { model: CircuitModel { k: 13, rows: 3979, table_rows: 7933, nb_unusable_rows: 7, max_deg: 5, advice_columns: 8, fixed_columns: 43, lookups: 6, permutations: 9, column_queries: 69, point_sets: 5, size: 5280 } }
Mock compiling circuit "tests/contracts/managed/registry-sizes/zkir/register1.zkir" (k=14, rows=12038)
INFO zkir: full model model=Model { model: CircuitModel { k: 14, rows: 12038, table_rows: 7933, nb_unusable_rows: 7, max_deg: 5, advice_columns: 8, fixed_columns: 43, lookups: 6, permutations: 9, column_queries: 69, point_sets: 5, size: 5280 } }
Mock compiling circuit "tests/contracts/managed/registry-sizes/zkir/register16.zkir" (k=17, rows=119867)
INFO zkir: full model model=Model { model: CircuitModel { k: 17, rows: 119867, table_rows: 7933, nb_unusable_rows: 7, max_deg: 5, advice_columns: 8, fixed_columns: 43, lookups: 6, permutations: 9, column_queries: 69, point_sets: 5, size: 5280 } }
Mock compiling circuit "tests/contracts/managed/registry-sizes/zkir/register2.zkir" (k=15, rows=20089)
INFO zkir: full model model=Model { model: CircuitModel { k: 15, rows: 20089, table_rows: 7933, nb_unusable_rows: 7, max_deg: 5, advice_columns: 8, fixed_columns: 43, lookups: 6, permutations: 9, column_queries: 69, point_sets: 5, size: 5280 } }
Mock compiling circuit "tests/contracts/managed/registry-sizes/zkir/register3.zkir" (k=15, rows=26292)
INFO zkir: full model model=Model { model: CircuitModel { k: 15, rows: 26292, table_rows: 7933, nb_unusable_rows: 7, max_deg: 5, advice_columns: 8, fixed_columns: 43, lookups: 6, permutations: 9, column_queries: 69, point_sets: 5, size: 5280 } }
Mock compiling circuit "tests/contracts/managed/registry-sizes/zkir/register32.zkir" (k=18, rows=233899)
INFO zkir: full model model=Model { model: CircuitModel { k: 18, rows: 233899, table_rows: 7933, nb_unusable_rows: 7, max_deg: 5, advice_columns: 8, fixed_columns: 43, lookups: 6, permutations: 9, column_queries: 69, point_sets: 5, size: 5280 } }
Mock compiling circuit "tests/contracts/managed/registry-sizes/zkir/register4.zkir" (k=16, rows=34343)
INFO zkir: full model model=Model { model: CircuitModel { k: 16, rows: 34343, table_rows: 7933, nb_unusable_rows: 7, max_deg: 5, advice_columns: 8, fixed_columns: 43, lookups: 6, permutations: 9, column_queries: 69, point_sets: 5, size: 5280 } }
Mock compiling circuit "tests/contracts/managed/registry-sizes/zkir/register46.zkir" (k=19, rows=333677)
INFO zkir: full model model=Model { model: CircuitModel { k: 19, rows: 333677, table_rows: 7933, nb_unusable_rows: 7, max_deg: 5, advice_columns: 8, fixed_columns: 43, lookups: 6, permutations: 9, column_queries: 69, point_sets: 5, size: 5280 } }
Mock compiling circuit "tests/contracts/managed/registry-sizes/zkir/register8.zkir" (k=16, rows=62851)
INFO zkir: full model model=Model { model: CircuitModel { k: 16, rows: 62851, table_rows: 7933, nb_unusable_rows: 7, max_deg: 5, advice_columns: 8, fixed_columns: 43, lookups: 6, permutations: 9, column_queries: 69, point_sets: 5, size: 5280 } }
