2026-09-23T14:40:00.915Z wallet cache restoring the state saved at 2026-09-23T14:26:36.232Z (read only; not saved)
2026-09-23T14:40:15.988Z wallet synced in 15008 ms: shielded 42989/42989, unshielded 17249/17249, dust 43039/43039 (applied/highest index)
2026-09-23T14:40:17.743Z OK   the two publication intents sit on different segments (9953 / 54339)
2026-09-23T14:40:52.289Z OK   intent hash stable from unproven to sealed (A)
2026-09-23T14:40:52.289Z OK   intent hash stable from unproven to sealed (B)
2026-09-23T14:40:52.289Z OK   sealed A carries only its publication intent (no fee intent) (9953)
2026-09-23T14:40:52.289Z OK   sealed B carries only its publication intent (no fee intent) (54339)
2026-09-23T14:40:52.296Z OK   merged transaction holds exactly the two publication segments (9953,54339)
2026-09-23T14:40:52.297Z OK   A's intent is byte-identical after the merge
2026-09-23T14:40:52.299Z OK   B's intent is byte-identical after the merge
2026-09-23T14:40:52.299Z OK   merged identifiers include A's and B's
2026-09-23T14:40:52.300Z OK   composer guard on the merged transaction refuses only for the other same-emitter intent (by design, Q27) (PublicationCheckError: after merge: segment 54339 also calls the emitter's emitPart | PublicationCheckError: after merge: segment 9953 also calls the emitter's emitPart)
2026-09-23T14:40:53.007Z ADVISORY FAIL facade validateTransaction(merged, no balancing) (@midnightntwrk/wallet-sdk-capabilities/validation/validationService/WellFormedError:  <- Error: call to non-existant contract ContractAddress(6240fbd956523c6f9a2feb78c0e72e63fba53a03486c5deac8c346ce51d23436))
2026-09-23T14:40:53.505Z OK   balanceFinalizedTransaction returned a FINALIZED_TRANSACTION recipe (FINALIZED_TRANSACTION)
2026-09-23T14:40:53.506Z OK   the recipe's original transaction is the merged one
2026-09-23T14:40:53.853Z OK   final transaction = A + B + one fee intent (1,9953,54339)
2026-09-23T14:40:53.854Z OK   A's intent is byte-identical in the final transaction
2026-09-23T14:40:53.855Z OK   B's intent is byte-identical in the final transaction
2026-09-23T14:40:53.855Z OK   final identifiers include A's and B's
2026-09-23T14:40:53.856Z OK   composer guard after balancing: same answer (only the other same-emitter intent is flagged)
2026-09-23T14:40:53.857Z OK   the final cost fits one block under the live parameters ({"readTime":0.00493,"computeTime":0.0156634487285,"blockUsage":0.032883,"bytesWritten":0.00832,"bytesChurned":0.0008123200000000001})
2026-09-23T14:40:53.860Z ADVISORY FAIL facade validateTransaction(final, strict) (@midnightntwrk/wallet-sdk-capabilities/validation/validationService/WellFormedError:  <- Error: call to non-existant contract ContractAddress(6240fbd956523c6f9a2feb78c0e72e63fba53a03486c5deac8c346ce51d23436))
2026-09-23T14:40:53.862Z OK   offline Level 1/2 over the final bytes: both publications complete, guaranteed-only (2 complete, issues: )
2026-09-23T14:40:53.864Z dry run: every offline check passed; nothing submitted
