2026-09-23T14:41:14.538Z wallet cache restoring the state saved at 2026-09-23T14:26:36.232Z (read only; not saved)
2026-09-23T14:41:29.614Z wallet synced in 15018 ms: shielded 42989/42989, unshielded 17249/17249, dust 43039/43039 (applied/highest index)
2026-09-23T14:41:31.354Z OK   the two publication intents sit on different segments (39372 / 12946)
2026-09-23T14:42:03.299Z OK   intent hash stable from unproven to sealed (A)
2026-09-23T14:42:03.300Z OK   intent hash stable from unproven to sealed (B)
2026-09-23T14:42:03.300Z OK   sealed A carries only its publication intent (no fee intent) (39372)
2026-09-23T14:42:03.300Z OK   sealed B carries only its publication intent (no fee intent) (12946)
2026-09-23T14:42:03.310Z OK   merged transaction holds exactly the two publication segments (12946,39372)
2026-09-23T14:42:03.311Z OK   A's intent is byte-identical after the merge
2026-09-23T14:42:03.314Z OK   B's intent is byte-identical after the merge
2026-09-23T14:42:03.314Z OK   merged identifiers include A's and B's
2026-09-23T14:42:03.315Z OK   composer guard on the merged transaction refuses only for the other same-emitter intent (by design, Q27) (PublicationCheckError: after merge: segment 12946 also calls the emitter's emitPart | PublicationCheckError: after merge: segment 39372 also calls the emitter's emitPart)
2026-09-23T14:42:03.994Z ADVISORY FAIL facade validateTransaction(merged, no balancing) (@midnightntwrk/wallet-sdk-capabilities/validation/validationService/WellFormedError:  <- Error: call to non-existant contract ContractAddress(6240fbd956523c6f9a2feb78c0e72e63fba53a03486c5deac8c346ce51d23436))
2026-09-23T14:42:04.474Z OK   balanceFinalizedTransaction returned a FINALIZED_TRANSACTION recipe (FINALIZED_TRANSACTION)
2026-09-23T14:42:04.475Z OK   the recipe's original transaction is the merged one
2026-09-23T14:42:04.757Z OK   final transaction = A + B + one fee intent (1,12946,39372)
2026-09-23T14:42:04.758Z OK   A's intent is byte-identical in the final transaction
2026-09-23T14:42:04.759Z OK   B's intent is byte-identical in the final transaction
2026-09-23T14:42:04.759Z OK   final identifiers include A's and B's
2026-09-23T14:42:04.760Z OK   composer guard after balancing: same answer (only the other same-emitter intent is flagged)
2026-09-23T14:42:04.761Z OK   the final cost fits one block under the live parameters ({"readTime":0.00493,"computeTime":0.0156634487285,"blockUsage":0.032883,"bytesWritten":0.00832,"bytesChurned":0.0008123200000000001})
2026-09-23T14:42:04.764Z ADVISORY FAIL facade validateTransaction(final, strict) (@midnightntwrk/wallet-sdk-capabilities/validation/validationService/WellFormedError:  <- Error: call to non-existant contract ContractAddress(6240fbd956523c6f9a2feb78c0e72e63fba53a03486c5deac8c346ce51d23436))
2026-09-23T14:42:04.766Z OK   offline Level 1/2 over the final bytes: both publications complete, guaranteed-only (2 complete, issues: )
2026-09-23T14:42:25.234Z submitted 00c306152ed53eda635c62380237edf3eb064cfdb9b214f3e9e519cea744e77a24
2026-09-23T14:42:26.401Z included 7e8407de37393a2bbeeb005fd744335a5766f5cdcb00210c2d823cf842cd5230 at block 588953, status SUCCESS; A {"identifiersPresent":true,"intentUnchanged":true,"intentHash":"6268e0e6dc0468c8f973241da0ba4c5a38bfd69be062bd10a57985d7d5b6aafb"}; B {"identifiersPresent":true,"intentUnchanged":true,"intentHash":"ce4d2cada4c40e591f252a9635afba5380d510d340812f4214990bf9d1802068"}
